{
  "version": "1.5.0",
  "plugins_used": [
    {
      "name": "ArtifactoryDetector"
    },
    {
      "name": "AWSKeyDetector"
    },
    {
      "name": "AzureStorageKeyDetector"
    },
    {
      "name": "Base64HighEntropyString",
      "limit": 4.5
    },
    {
      "name": "BasicAuthDetector"
    },
    {
      "name": "CloudantDetector"
    },
    {
      "name": "DiscordBotTokenDetector"
    },
    {
      "name": "GitHubTokenDetector"
    },
    {
      "name": "GitLabTokenDetector"
    },
    {
      "name": "HexHighEntropyString",
      "limit": 3.0
    },
    {
      "name": "IbmCloudIamDetector"
    },
    {
      "name": "IbmCosHmacDetector"
    },
    {
      "name": "IPPublicDetector"
    },
    {
      "name": "JwtTokenDetector"
    },
    {
      "name": "KeywordDetector",
      "keyword_exclude": ""
    },
    {
      "name": "MailchimpDetector"
    },
    {
      "name": "NpmDetector"
    },
    {
      "name": "OpenAIDetector"
    },
    {
      "name": "PrivateKeyDetector"
    },
    {
      "name": "PypiTokenDetector"
    },
    {
      "name": "SendGridDetector"
    },
    {
      "name": "SlackDetector"
    },
    {
      "name": "SoftlayerDetector"
    },
    {
      "name": "SquareOAuthDetector"
    },
    {
      "name": "StripeDetector"
    },
    {
      "name": "TelegramBotTokenDetector"
    },
    {
      "name": "TwilioKeyDetector"
    }
  ],
  "filters_used": [
    {
      "path": "detect_secrets.filters.allowlist.is_line_allowlisted"
    },
    {
      "path": "detect_secrets.filters.common.is_baseline_file",
      "filename": ".secrets.baseline"
    },
    {
      "path": "detect_secrets.filters.common.is_ignored_due_to_verification_policies",
      "min_level": 2
    },
    {
      "path": "detect_secrets.filters.heuristic.is_indirect_reference"
    },
    {
      "path": "detect_secrets.filters.heuristic.is_likely_id_string"
    },
    {
      "path": "detect_secrets.filters.heuristic.is_lock_file"
    },
    {
      "path": "detect_secrets.filters.heuristic.is_not_alphanumeric_string"
    },
    {
      "path": "detect_secrets.filters.heuristic.is_potential_uuid"
    },
    {
      "path": "detect_secrets.filters.heuristic.is_prefixed_with_dollar_sign"
    },
    {
      "path": "detect_secrets.filters.heuristic.is_sequential_string"
    },
    {
      "path": "detect_secrets.filters.heuristic.is_swagger_file"
    },
    {
      "path": "detect_secrets.filters.heuristic.is_templated_secret"
    }
  ],
  "results": {
    "configs/model_registry.yaml": [
      {
        "type": "Hex High Entropy String",
        "filename": "configs/model_registry.yaml",
        "hashed_secret": "309e74e5a0cf941fecc72b3468235d7ae91d77a4",
        "is_verified": false,
        "line_number": 12
      },
      {
        "type": "Hex High Entropy String",
        "filename": "configs/model_registry.yaml",
        "hashed_secret": "61677d98a18220a5274a181afc3e852ab5b9781d",
        "is_verified": false,
        "line_number": 25
      },
      {
        "type": "Hex High Entropy String",
        "filename": "configs/model_registry.yaml",
        "hashed_secret": "f667290c92e8cd663651c7784a77467a4fec327a",
        "is_verified": false,
        "line_number": 38
      },
      {
        "type": "Hex High Entropy String",
        "filename": "configs/model_registry.yaml",
        "hashed_secret": "387f8daff5257d95aa6e8983d01cedc0340e7ff6",
        "is_verified": false,
        "line_number": 51
      },
      {
        "type": "Hex High Entropy String",
        "filename": "configs/model_registry.yaml",
        "hashed_secret": "b12817da8bf11893816f2d0acbeb3ca4c60ce30d",
        "is_verified": false,
        "line_number": 64
      }
    ],
    "eval/reports/dev-qwen2-5-0-5b-instruct-20260930T115646Z.json": [
      {
        "type": "Hex High Entropy String",
        "filename": "eval/reports/dev-qwen2-5-0-5b-instruct-20260930T115646Z.json",
        "hashed_secret": "5c4317fdae7d937a13dd4fd1d3222d09e7073c06",
        "is_verified": false,
        "line_number": 588
      },
      {
        "type": "Hex High Entropy String",
        "filename": "eval/reports/dev-qwen2-5-0-5b-instruct-20260930T115646Z.json",
        "hashed_secret": "61677d98a18220a5274a181afc3e852ab5b9781d",
        "is_verified": false,
        "line_number": 590
      },
      {
        "type": "Hex High Entropy String",
        "filename": "eval/reports/dev-qwen2-5-0-5b-instruct-20260930T115646Z.json",
        "hashed_secret": "1a4c02f18e34630b51570e224913e98400be1a5e",
        "is_verified": false,
        "line_number": 607
      },
      {
        "type": "Hex High Entropy String",
        "filename": "eval/reports/dev-qwen2-5-0-5b-instruct-20260930T115646Z.json",
        "hashed_secret": "e43ac4f8f7df98e2290ea7ef56e6b78cc9f8bd4c",
        "is_verified": false,
        "line_number": 627
      }
    ],
    "eval/reports/dev-qwen3-0-6b-20260930T121246Z.json": [
      {
        "type": "Hex High Entropy String",
        "filename": "eval/reports/dev-qwen3-0-6b-20260930T121246Z.json",
        "hashed_secret": "5c4317fdae7d937a13dd4fd1d3222d09e7073c06",
        "is_verified": false,
        "line_number": 590
      },
      {
        "type": "Hex High Entropy String",
        "filename": "eval/reports/dev-qwen3-0-6b-20260930T121246Z.json",
        "hashed_secret": "f667290c92e8cd663651c7784a77467a4fec327a",
        "is_verified": false,
        "line_number": 592
      },
      {
        "type": "Hex High Entropy String",
        "filename": "eval/reports/dev-qwen3-0-6b-20260930T121246Z.json",
        "hashed_secret": "1a4c02f18e34630b51570e224913e98400be1a5e",
        "is_verified": false,
        "line_number": 609
      },
      {
        "type": "Hex High Entropy String",
        "filename": "eval/reports/dev-qwen3-0-6b-20260930T121246Z.json",
        "hashed_secret": "5f29c54e8e190bb4b26415e207930da06217c254",
        "is_verified": false,
        "line_number": 629
      }
    ],
    "eval/reports/dev-smollm2-360m-instruct-20260930T114134Z.json": [
      {
        "type": "Hex High Entropy String",
        "filename": "eval/reports/dev-smollm2-360m-instruct-20260930T114134Z.json",
        "hashed_secret": "5c4317fdae7d937a13dd4fd1d3222d09e7073c06",
        "is_verified": false,
        "line_number": 590
      },
      {
        "type": "Base64 High Entropy String",
        "filename": "eval/reports/dev-smollm2-360m-instruct-20260930T114134Z.json",
        "hashed_secret": "1853651b6bea9bf61f6b2ea2f6ff377324cdb2f6",
        "is_verified": false,
        "line_number": 591
      },
      {
        "type": "Hex High Entropy String",
        "filename": "eval/reports/dev-smollm2-360m-instruct-20260930T114134Z.json",
        "hashed_secret": "309e74e5a0cf941fecc72b3468235d7ae91d77a4",
        "is_verified": false,
        "line_number": 592
      },
      {
        "type": "Hex High Entropy String",
        "filename": "eval/reports/dev-smollm2-360m-instruct-20260930T114134Z.json",
        "hashed_secret": "1a4c02f18e34630b51570e224913e98400be1a5e",
        "is_verified": false,
        "line_number": 609
      },
      {
        "type": "Hex High Entropy String",
        "filename": "eval/reports/dev-smollm2-360m-instruct-20260930T114134Z.json",
        "hashed_secret": "758b42e1de7411adb95f2df63ebb9b52bd5458d0",
        "is_verified": false,
        "line_number": 629
      }
    ]
  },
  "generated_at": "2026-09-30T13:41:58Z"
}
